MO decoder_2_4 NULL "C:/Documents and Settings/thenriod/Desktop/FPGA Programming/Lab11(C)/decoder_2_4.v" vlg36/decoder__2__4.bin 1386543600
MO deecoder2_4_top_v NULL "C:/Documents and Settings/thenriod/Desktop/FPGA Programming/Lab11(C)/deecoder2_4_top.v" vlg07/deecoder2__4__top__v.bin 1386543602
MO glbl NULL C:/Xilinx92i/verilog/src/glbl.v vlg2D/glbl.bin 1386543602
