MO problem3_1 NULL "C:/Documents and Settings/thenriod/Desktop/FPGA Programming/Lab11(B)/problem3_1.v" vlg08/problem3__1.bin 1386541920
MO problem3_1_top_v NULL "C:/Documents and Settings/thenriod/Desktop/FPGA Programming/Lab11(B)/problem3_1_top.v" vlg1B/problem3__1__top__v.bin 1386541920
MO glbl NULL C:/Xilinx92i/verilog/src/glbl.v vlg2D/glbl.bin 1386541920
