--------------------------------------------------------------------------------
Release 9.2i Trace 
Copyright (c) 1995-2007 Xilinx, Inc.  All rights reserved.

C:\Xilinx92i\bin\nt\trce.exe -ise
C:/Documents and Settings/thenriod/Desktop/FPGA Programming/Lab11(A)/Lab11(A).ise
-intstyle ise -e 3 -s 5 -xml gate2 gate2.ncd -o gate2.twr gate2.pcf -ucf
gate2.ucf

Design file:              gate2.ncd
Physical constraint file: gate2.pcf
Device,package,speed:     xc3s500e,fg320,-5 (PRODUCTION 1.26 2007-04-13)
Report level:             error report

Environment Variable      Effect 
--------------------      ------ 
NONE                      No environment variables were set
--------------------------------------------------------------------------------

INFO:Timing:2698 - No timing constraints found, doing default enumeration.
INFO:Timing:2752 - To get complete path coverage, use the unconstrained paths 
   option. All paths that are not constrained will be reported in the 
   unconstrained paths section(s) of the report.
INFO:Timing:3339 - The clock-to-out numbers in this timing report are based on 
   a 50 Ohm transmission line loading model.  For the details of this model, 
   and for more information on accounting for different loading conditions, 
   please see the device datasheet.



Data Sheet report:
-----------------
All values displayed in nanoseconds (ns)

Pad to Pad
---------------+---------------+---------+
Source Pad     |Destination Pad|  Delay  |
---------------+---------------+---------+
a              |z<0>           |    6.565|
a              |z<1>           |    7.040|
a              |z<2>           |    6.903|
a              |z<3>           |    6.730|
a              |z<4>           |    6.596|
a              |z<5>           |    6.943|
b              |z<0>           |    6.609|
b              |z<1>           |    7.117|
b              |z<2>           |    6.746|
b              |z<3>           |    6.624|
b              |z<4>           |    6.638|
b              |z<5>           |    7.018|
---------------+---------------+---------+


Analysis completed Sun Dec 08 13:59:35 2013 
--------------------------------------------------------------------------------

Trace Settings:
-------------------------
Trace Settings 

Peak Memory Usage: 95 MB



